<?xml version="1.0" encoding="utf-8"?>
<TestRun id="1e6a6af2-81d5-42c6-af96-a5b8d3b3a306" name="EGlint@QGLINT-E 2026-07-26 15:56:43" runUser="QGLINT-E\EGlint" xmlns="http://microsoft.com/schemas/VisualStudio/TeamTest/2010">
  <Times creation="2026-07-26T15:56:43.0388568+08:00" queuing="2026-07-26T15:56:43.0388571+08:00" start="2026-07-26T15:56:41.5232494+08:00" finish="2026-07-26T15:56:43.0441717+08:00" />
  <TestSettings name="default" id="df0170d6-4d30-499a-a8af-70e977c7df87">
    <Deployment runDeploymentRoot="EGlint_QGLINT-E_2026-07-26_15_56_43" />
  </TestSettings>
  <Results>
    <UnitTestResult executionId="f8b2ff7d-a280-4b1b-8f34-384ad30917ee" testId="5811b93d-63bf-474f-f62a-d21771719937" testName="Automatic_class_schedule.Tests.ExcelAnalysisTests.ReadOutXlsx_PrintContent" computerName="QGLINT-E" duration="00:00:00.7795807" startTime="2026-07-26T15:56:42.1356253+08:00" endTime="2026-07-26T15:56:42.9211804+08:00" testType="13cdc9d9-ddb5-4fa4-a97d-d965ccfc6d4b" outcome="Passed" testListId="8c84fa94-04c1-424b-9868-57a2d4851a1d" relativeResultsDirectory="f8b2ff7d-a280-4b1b-8f34-384ad30917ee">
      <Output>
        <StdOut>=== Sheet: 微信图片_20260725193757_754_202 ===&#xD;
      |1     |2     |3     |4     |5     |6     |7     |8     |1     |2     |3     |4     |5     |6     |7     |8     |1     |2     |3     |4     |5     |6     |7     |8     |1     |2     |3     |4     |5     |6     |7     |8     |1     |2     |3     |4     |5     |6     |7     |8     &#xD;
七1    |语     |数     |英     |道     |美     |体     |劳     |周会    |数     |英     |信     |语     |历     |地     |语     |数     |英     |语     |数     |道     |体     |生     |英     |数     |数     |语     |地     |英     |历     |音     |英     |语     |英     |数     |语     |生     |体     |社团    |活动    |教育    &#xD;
七2    |数     |语     |道     |英     |信     |体     |美     |周会    |英     |数     |语     |体     |地     |历     |数     |语     |语     |英     |道     |数     |生     |劳     |数     |英     |语     |数     |英     |地     |音     |历     |语     |英     |数     |英     |生     |语     |体     |社团    |活动    |教育    &#xD;
七3    |语     |数     |历     |英     |道     |美     |体     |周会    |英     |数     |地     |语     |劳     |生     |语     |数     |语     |英     |数     |道     |历     |体     |数     |英     |数     |语     |英     |体     |地     |信     |语     |英     |数     |英     |生     |语     |音     |社团    |活动    |教育    &#xD;
七4    |数     |语     |英     |历     |体     |道     |音     |周会    |数     |英     |语     |地     |生     |体     |数     |语     |英     |语     |道     |数     |劳     |历     |英     |数     |语     |数     |地     |英     |生     |体     |英     |语     |英     |数     |语     |美     |信     |社团    |活动    |教育    &#xD;
七5    |语     |数     |英     |道     |地     |生     |历     |周会    |数     |英     |劳     |语     |体     |音     |数     |语     |英     |语     |数     |历     |道     |地     |数     |英     |数     |语     |信     |英     |体     |生     |英     |语     |数     |英     |语     |体     |美     |社团    |活动    |教育    &#xD;
七6    |数     |语     |生     |英     |体     |音     |信     |周会    |英     |数     |语     |道     |历     |数     |语     |体     |语     |英     |地     |数     |生     |体     |英     |数     |语     |数     |英     |历     |劳     |道     |语     |英     |英     |数     |美     |语     |地     |社团    |活动    |教育    &#xD;
七7    |语     |数     |英     |地     |体     |信     |数     |周会    |数     |英     |历     |语     |道     |语     |体     |生     |英     |语     |数     |地     |英     |美     |体     |数     |数     |语     |历     |英     |道     |劳     |英     |语     |语     |英     |数     |音     |生     |社团    |活动    |教育    &#xD;
八1    |语     |数     |道     |英     |体     |语     |英     |周会    |数     |英     |物     |语     |美     |地     |生     |信     |英     |语     |数     |物     |体     |生     |历     |劳     |数     |语     |英     |道     |地     |物     |音     |数     |数     |英     |语     |历     |体     |社团    |活动    |教育    &#xD;
八2    |数     |语     |英     |道     |体     |美     |语     |周会    |英     |数     |语     |物     |地     |音     |体     |生     |语     |英     |物     |数     |生     |历     |劳     |英     |语     |数     |道     |英     |物     |地     |数     |体     |英     |数     |历     |语     |信     |社团    |活动    |教育    &#xD;
八3    |语     |数     |英     |物     |历     |信     |生     |周会    |英     |数     |物     |语     |体     |道     |地     |英     |语     |英     |数     |体     |生     |音     |语     |美     |数     |语     |物     |英     |劳     |历     |体     |数     |英     |数     |道     |语     |地     |社团    |活动    |教育    &#xD;
八4    |数     |语     |物     |英     |生     |历     |体     |周会    |数     |英     |语     |物     |道     |地     |美     |体     |英     |语     |历     |数     |信     |生     |英     |语     |语     |数     |英     |物     |地     |体     |数     |劳     |数     |英     |语     |道     |音     |社团    |活动    |教育    &#xD;
八5    |语     |数     |英     |物     |音     |道     |历     |周会    |数     |英     |地     |语     |生     |物     |语     |体     |英     |语     |数     |劳     |历     |体     |数     |英     |数     |语     |物     |英     |道     |体     |地     |信     |数     |英     |语     |生     |美     |社团    |活动    |教育    &#xD;
八6    |数     |语     |物     |英     |道     |音     |美     |周会    |英     |数     |语     |地     |体     |生     |历     |语     |语     |英     |道     |数     |体     |物     |英     |数     |语     |数     |英     |物     |历     |地     |劳     |体     |英     |数     |信     |语     |生     |社团    |活动    |教育    &#xD;
八7    |语     |数     |英     |地     |美     |物     |体     |周会    |数     |英     |道     |语     |体     |历     |生     |语     |英     |语     |数     |物     |道     |地     |英     |数     |数     |语     |生     |英     |音     |劳     |物     |体     |数     |英     |语     |信     |历     |社团    |活动    |教育    &#xD;
八8    |数     |语     |地     |英     |历     |生     |物     |周会    |英     |数     |语     |道     |信     |体     |语     |音     |语     |英     |物     |数     |地     |英     |数     |体     |语     |数     |英     |生     |美     |道     |历     |物     |英     |数     |体     |语     |劳     |社团    |活动    |教育    &#xD;
九1    |语     |数     |英     |物     |体     |英     |道     |周会    |数     |英     |化     |语     |物     |历     |语     |数     |英     |语     |数     |道     |化     |物     |体     |音     |数     |语     |历     |英     |物     |化     |语     |美     |英     |数     |语     |体     |化     |社团    |活动    |教育    &#xD;
九2    |数     |语     |物     |英     |化     |道     |英     |周会    |英     |数     |语     |化     |历     |物     |数     |语     |语     |英     |道     |数     |物     |化     |音     |体     |语     |数     |英     |历     |体     |物     |美     |语     |数     |英     |化     |语     |体     |社团    |活动    |教育    &#xD;
九3    |语     |数     |英     |化     |物     |体     |历     |周会    |数     |英     |物     |语     |化     |体     |语     |道     |英     |语     |数     |化     |历     |物     |数     |英     |数     |语     |道     |英     |化     |体     |语     |美     |数     |英     |语     |音     |物     |社团    |活动    |教育    &#xD;
九4    |数     |语     |物     |英     |化     |历     |体     |周会    |英     |数     |语     |物     |化     |道     |体     |语     |语     |英     |化     |数     |物     |体     |英     |数     |语     |数     |英     |物     |化     |历     |美     |语     |英     |数     |道     |语     |音     |社团    |活动    |教育    &#xD;
九5    |语     |数     |英     |物     |历     |化     |体     |周会    |数     |英     |化     |语     |物     |音     |道     |美     |英     |语     |数     |化     |体     |历     |英     |语     |数     |语     |物     |英     |道     |体     |语     |数     |数     |英     |语     |物     |化     |社团    |活动    |教育    &#xD;
九6    |数     |语     |物     |英     |道     |体     |化     |周会    |英     |数     |语     |化     |音     |物     |美     |历     |语     |英     |物     |数     |道     |化     |语     |英     |语     |数     |英     |历     |体     |化     |数     |语     |英     |数     |物     |语     |体     |社团    |活动    |教育    &#xD;
九7    |语     |数     |英     |化     |物     |道     |音     |周会    |数     |英     |物     |语     |历     |化     |体     |美     |英     |语     |数     |物     |化     |体     |语     |英     |数     |语     |物     |英     |化     |道     |语     |数     |英     |数     |语     |体     |历     |社团    |活动    |教育    &#xD;
九8    |数     |语     |化     |英     |体     |音     |道     |周会    |英     |数     |语     |物     |化     |历     |美     |体     |语     |英     |道     |数     |物     |化     |英     |语     |语     |数     |英     |体     |历     |物     |数     |语     |数     |英     |化     |语     |物     |社团    |活动    |教育</StdOut>
      </Output>
    </UnitTestResult>
  </Results>
  <TestDefinitions>
    <UnitTest name="Automatic_class_schedule.Tests.ExcelAnalysisTests.ReadOutXlsx_PrintContent" storage="c:\project_repository\winproject\automatic_class_schedule\automatic_class_schedule.tests\bin\debug\net10.0-windows10.0.26100.0\automatic_class_schedule.tests.dll" id="5811b93d-63bf-474f-f62a-d21771719937">
      <Execution id="f8b2ff7d-a280-4b1b-8f34-384ad30917ee" />
      <TestMethod codeBase="C:\Project_Repository\winproject\Automatic_class_schedule\Automatic_class_schedule.Tests\bin\Debug\net10.0-windows10.0.26100.0\Automatic_class_schedule.Tests.dll" adapterTypeName="executor://xunit/VsTestRunner3/netcore/" className="Automatic_class_schedule.Tests.ExcelAnalysisTests" name="ReadOutXlsx_PrintContent" />
    </UnitTest>
  </TestDefinitions>
  <TestEntries>
    <TestEntry testId="5811b93d-63bf-474f-f62a-d21771719937" executionId="f8b2ff7d-a280-4b1b-8f34-384ad30917ee" testListId="8c84fa94-04c1-424b-9868-57a2d4851a1d" />
  </TestEntries>
  <TestLists>
    <TestList name="列表中未列出的结果" id="8c84fa94-04c1-424b-9868-57a2d4851a1d" />
    <TestList name="所有已加载的结果" id="19431567-8539-422a-85d7-44ee4e166bda" />
  </TestLists>
  <ResultSummary outcome="Completed">
    <Counters total="1" executed="1" passed="1" failed="0" error="0" timeout="0" aborted="0" inconclusive="0" passedButRunAborted="0" notRunnable="0" notExecuted="0" disconnected="0" warning="0" completed="0" inProgress="0" pending="0" />
    <Output>
      <StdOut>[xUnit.net 00:00:00.00] xUnit.net VSTest Adapter v3.1.4+50e68bbb8b (64-bit .NET 10.0.0)&#xD;
[xUnit.net 00:00:00.08]   Discovering: Automatic_class_schedule.Tests&#xD;
[xUnit.net 00:00:00.12]   Discovered:  Automatic_class_schedule.Tests&#xD;
[xUnit.net 00:00:00.14]   Starting:    Automatic_class_schedule.Tests&#xD;
[xUnit.net 00:00:00.95]   Finished:    Automatic_class_schedule.Tests&#xD;
</StdOut>
    </Output>
  </ResultSummary>
</TestRun>